Godot Engine v4.7.2.stable.official.ed1daf0bf - https://godotengine.org
OpenGL API 3.3.0 - Build 32.0.101.7085 - Compatibility - Using Device: Intel - Intel(R) Iris(R) Xe Graphics

PASS create isolated profile
PASS main menu loads
PASS rendered menu_zh_1280
PASS camp loads
PASS rendered camp_zh_1280
PASS background button excluded from modal focus
PASS background button excluded from modal focus
PASS background button excluded from modal focus
PASS language actually switches to English
PASS rendered settings_en_1280
PASS fullscreen changes actual native window mode
PASS windowed mode restores actual native window
PASS rendered camp_en_1280
PASS camp departure creates room and HUD
PASS WASD input moves the player
PASS space triggers dash cooldown
PASS held attack emits projectiles
PASS rendered combat_zh_1280
PASS pause stops player and run clock
PASS pause stops enemies
PASS pause stops attacks
PASS nested relic modal remains paused
PASS closing top modal keeps pause underneath
PASS resume does not leak held fire input
PASS fresh press works after release guard
PASS relic HUD chip opens paused details on mouse press
PASS relic chip click cannot fire weapon
PASS rendered relic_details_zh_1280
PASS rendered extraction_zh_1280
PASS extraction routes to saved result with 100 percent
PASS repeated settlement cannot duplicate reward
PASS reopening result does not pay again
PASS rendered result_extracted_1280
PASS return to camp and fresh departure clear temporary state
PASS health depletion opens death settlement
PASS death retains floor(119*0.2)=23
PASS rendered result_death_1280
PASS reload preserves gold and settlement count
PASS discovery records survive settlement and reload
PASS rendered camp_1920
PASS rendered camp_2560
UI_TEST_RESULT checks=41 failures=0 graphics=true
